<html>
<body>
<pre>
<h1>µVision Build Log</h1>
<h2>Tool Versions:</h2>
IDE-Version: ¦ÌVision V5.40.0.0
Copyright (C) 2024 ARM Ltd and ARM Germany GmbH. All rights reserved.
License Information: 1 28, 1, LIC=IK1BF-6NBAW-JJY6S-LPHHI-8KHDJ-63B68
 
Tool Versions:
Toolchain:       MDK-ARM Plus  Version: 5.40.0.3
Toolchain Path:  C:\Users\28382\AppData\Local\Keil_v5\ARM\ARMCLANG\Bin
C Compiler:      ArmClang.exe V6.22
Assembler:       Armasm.exe V6.22
Linker/Locator:  ArmLink.exe V6.22
Library Manager: ArmAr.exe V6.22
Hex Converter:   FromElf.exe V6.22
CPU DLL:         SARMCM3.DLL V5.40.0.3
Dialog DLL:      DARMCM1.DLL V1.19.6.0
Target DLL:      Segger\JL2CM3.dll V2.99.44.0
Dialog DLL:      TARMCM1.DLL V1.14.6.0
 
<h2>Project:</h2>
C:\ti\mspm0_sdk_2_01_00_03\examples\nortos\LP_MSPM0L1306\driverlib\empty_driverlib_src\keil\empty_driverlib_src_LP_MSPM0L1306_nortos_keil.uvprojx
Project File Date:  07/19/2024

<h2>Output:</h2>
*** Using Compiler 'V6.22', folder: 'C:\Users\28382\AppData\Local\Keil_v5\ARM\ARMCLANG\Bin'
Rebuild target 'empty_driverlib_src_LP_MSPM0L1306_nortos_keil'
Before Build - User command #1: cmd.exe /C "C:\ti\mspm0_sdk_2_01_00_03\examples\nortos\LP_MSPM0L1306\driverlib\empty_driverlib_src\keil\../../../../../../tools/keil/syscfg.bat 'C:\ti\mspm0_sdk_2_01_00_03\examples\nortos\LP_MSPM0L1306\driverlib\empty_driverlib_src\keil\' empty.syscfg"
Using Sysconfig Tool from "C:\ti\sysconfig_1.20.0\sysconfig_cli.bat"
"Update the file located at <sdk path>/tools/keil/syscfg.bat to use a different version"
Running script...
Validating...
info: /ti/project_config/ProjectConfig deviceSpin: Note: User must select a device after migration. 
Generating Code (empty.syscfg)...
Unchanged C:\ti\mspm0_sdk_2_01_00_03\examples\nortos\LP_MSPM0L1306\driverlib\empty_driverlib_src\ti_msp_dl_config.c...
Unchanged C:\ti\mspm0_sdk_2_01_00_03\examples\nortos\LP_MSPM0L1306\driverlib\empty_driverlib_src\ti_msp_dl_config.h...
Unchanged C:\ti\mspm0_sdk_2_01_00_03\examples\nortos\LP_MSPM0L1306\driverlib\empty_driverlib_src\Event.dot...
compiling dl_lcd.c...
compiling dl_aesadv.c...
compiling dl_dac12.c...
compiling dl_keystorectl.c...
compiling dl_aes.c...
compiling dl_crcp.c...
compiling dl_lfss.c...
compiling dl_common.c...
compiling dl_crc.c...
compiling dl_dma.c...
compiling dl_mathacl.c...
compiling dl_adc12.c...
compiling dl_i2c.c...
compiling empty.c...
compiling dl_flashctl.c...
compiling dl_mcan.c...
compiling dl_rtc_common.c...
compiling dl_opa.c...
compiling dl_spi.c...
compiling dl_trng.c...
compiling dl_sysctl_mspm0c110x.c...
compiling dl_sysctl_mspm0g1x0x_g3x0x.c...
compiling dl_vref.c...
compiling dl_timer.c...
compiling dl_interrupt.c...
compiling dl_sysctl_mspm0l122x_l222x.c...
compiling dl_uart.c...
compiling dl_sysctl_mspm0l11xx_l13xx.c...
assembling startup_mspm0l130x_uvision.s...
compiling ti_msp_dl_config.c...
compiling OLED.c...
linking...
Program Size: Code=2324 RO-data=1740 RW-data=0 ZI-data=360  
FromELF: creating hex file...
".\Objects\empty_driverlib_src_LP_MSPM0L1306_nortos_keil.axf" - 0 Error(s), 0 Warning(s).

<h2>Software Packages used:</h2>

Package Vendor: TexasInstruments
                https://software-dl.ti.com/msp430/esd/MSPM0-CMSIS/MSPM0L11XX_L13XX/latest/exports/TexasInstruments.MSPM0L11XX_L13XX_DFP.1.3.1.pack
                TexasInstruments::MSPM0L11XX_L13XX_DFP@1.3.1
                Device Family Pack for Texas Instruments MSPM0L11XX_L13XX Series

<h2>Collection of Component include folders:</h2>

<h2>Collection of Component Files used:</h2>
Build Time Elapsed:  00:00:03
</pre>
</body>
</html>
